Traceback (most recent call last):
  File "C:\Users\timds\anaconda3\envs\jupyterbook3\Lib\site-packages\jupyter_cache\executors\utils.py", line 58, in single_nb_execution
    executenb(
    ~~~~~~~~~^
        nb,
        ^^^
    ...<4 lines>...
        **kwargs,
        ^^^^^^^^^
    )
    ^
  File "C:\Users\timds\anaconda3\envs\jupyterbook3\Lib\site-packages\nbclient\client.py", line 1323, in execute
    return NotebookClient(nb=nb, resources=resources, km=km, **kwargs).execute()
           ~~~~~~~~~~~~~~~~~~~~~~~~~~~~~~~~~~~~~~~~~~~~~~~~~~~~~~~~~~~~~~~~~~~^^
  File "C:\Users\timds\anaconda3\envs\jupyterbook3\Lib\site-packages\jupyter_core\utils\__init__.py", line 165, in wrapped
    return loop.run_until_complete(inner)
           ~~~~~~~~~~~~~~~~~~~~~~~^^^^^^^
  File "C:\Users\timds\anaconda3\envs\jupyterbook3\Lib\asyncio\base_events.py", line 725, in run_until_complete
    return future.result()
           ~~~~~~~~~~~~~^^
  File "C:\Users\timds\anaconda3\envs\jupyterbook3\Lib\site-packages\nbclient\client.py", line 709, in async_execute
    await self.async_execute_cell(
        cell, index, execution_count=self.code_cells_executed + 1
    )
  File "C:\Users\timds\anaconda3\envs\jupyterbook3\Lib\site-packages\nbclient\client.py", line 1062, in async_execute_cell
    await self._check_raise_for_error(cell, cell_index, exec_reply)
  File "C:\Users\timds\anaconda3\envs\jupyterbook3\Lib\site-packages\nbclient\client.py", line 918, in _check_raise_for_error
    raise CellExecutionError.from_cell_and_msg(cell, exec_reply_content)
nbclient.exceptions.CellExecutionError: An error occurred while executing the following cell:
------------------
from IPython.display import Image, display

display(Image("gettyimages-1228118997-612x612.jpg", width=1000))

display(HTML("""
<div style="width:900px; text-align:center; margin-top:10px; font-size:15px;">
    <b>Figure 1.</b> Ryanair aircraft at a European airport. <br>
"""))
------------------


[31m---------------------------------------------------------------------------[39m
[31mNameError[39m                                 Traceback (most recent call last)
[36mCell[39m[36m [39m[32mIn[1][39m[32m, line 5[39m
[32m      1[39m [38;5;28;01mfrom[39;00m IPython.display [38;5;28;01mimport[39;00m Image, display
[32m      2[39m 
[32m      3[39m display(Image([33m"gettyimages-1228118997-612x612.jpg"[39m, width=[32m1000[39m))
[32m      4[39m 
[32m----> [39m[32m5[39m display(HTML("""
[32m      6[39m <div style=[33m"width:900px; text-align:center; margin-top:10px; font-size:15px;"[39m>
[32m      7[39m     <b>Figure [32m1.[39m</b> Ryanair aircraft at a European airport. <br>
[32m      8[39m """))

[31mNameError[39m: name 'HTML' is not defined

